// Jest Snapshot v1, https://goo.gl/fbAQLP

exports[`renders App.js correctly 1`] = `
<div>
  <main>
    <section
      className="options"
    >
      <select
        className="pokemon-filter"
        onChange={[Function]}
      >
        <option
          value="defaultValue"
        >
          What's your POkemon?
        </option>
        <option
          value="grass"
        >
          Grass
        </option>
        <option
          value="fire"
        >
          Fire
        </option>
        <option
          value="water"
        >
          Water
        </option>
      </select>
    </section>
    <section
      className="list-section"
    >
      <ul
        className="pokemons"
      />
    </section>
  </main>
</div>
`;
